bun install v1.3.11 (af24e281)

$ node -e "const ua=process.env.npm_config_user_agent||''; if(!ua.includes('bun/')){console.error('Use bun install (not npm/pnpm/yarn) in taurhaus'); process.exit(1)}"

+ @crabnebula/tauri-driver@2.0.9
+ @sveltejs/vite-plugin-svelte@5.1.1
+ @tailwindcss/vite@4.1.18
+ @tauri-apps/api@2.11.1
+ @tauri-apps/cli@2.11.4
+ @tauri-apps/plugin-fs@2.4.5
+ @testing-library/jest-dom@6.9.1
+ @testing-library/svelte@5.3.1
+ @vitest/browser-playwright@4.0.18
+ @wdio/cli@9.24.0
+ @wdio/local-runner@9.24.0
+ @wdio/mocha-framework@9.24.0
+ @wdio/spec-reporter@9.24.0
+ dependency-cruiser@17.3.8
+ jsdom@26.1.0
+ knip@5.86.0
+ playwright@1.58.2
+ svelte@5.53.6
+ svelte-check@4.4.0
+ tailwindcss@4.1.18
+ typescript@5.9.3
+ vite@6.4.1
+ vitest@4.0.18
+ @shikijs/markdown-it@3.22.0
+ @tauri-apps/plugin-dialog@2.6.0
+ dompurify@3.3.2
+ markdown-it@14.1.1
+ mermaid@11.12.3
+ shiki@3.22.0

769 packages installed [2.64s]
