{"kind": "binary"}
{"kind": "binary"}
{"kind": "binary"}
{"kind": "binary"}
{"kind": "command"}
{"kind": "command_result"}
{"kind": "command"}
{"kind": "command_result"}
{"kind": "command"}
{"kind": "command_result"}
{"kind": "isolation"}
{"kind": "command"}
{"kind": "command_result"}
{"kind": "bootstrap_script"}
{"kind": "daemon_spawn"}
{"kind": "daemon_request"}
{"kind": "daemon_response"}
{"kind": "daemon_request"}
{"kind": "daemon_response"}
{"kind": "daemon_request"}
{"kind": "daemon_response"}
{"kind": "daemon_request"}
{"kind": "daemon_response"}
{"kind": "daemon_request"}
{"kind": "daemon_response"}
{"kind": "daemon_request"}
{"kind": "daemon_response"}
{"kind": "command"}
{"kind": "command_result"}
{"kind": "command"}
{"kind": "command_result"}
{"kind": "command"}
{"kind": "command_result"}
{"kind": "command"}
{"kind": "command_result"}
{"kind": "command"}
{"kind": "command_result"}
{"kind": "command"}
{"kind": "command_result"}
{"kind": "daemon_request"}
{"kind": "daemon_response"}
{"kind": "inspection_ready"}
{"kind": "daemon_request"}
{"kind": "daemon_response"}
{"kind": "daemon_request"}
{"kind": "daemon_response"}
{"kind": "daemon_request"}
{"kind": "daemon_response"}
{"kind": "daemon_request"}
{"kind": "daemon_response"}
{"kind": "daemon_request"}
{"kind": "daemon_response"}
{"kind": "daemon_request"}
{"kind": "daemon_response"}
{"kind": "daemon_request"}
{"kind": "daemon_response"}
{"kind": "daemon_request"}
{"kind": "daemon_response"}
{"kind": "daemon_request"}
{"kind": "daemon_response"}
{"kind": "daemon_request"}
{"kind": "daemon_response"}
{"kind": "daemon_request"}
{"kind": "daemon_response"}
{"kind": "daemon_request"}
{"kind": "daemon_response"}
{"kind": "daemon_request"}
{"kind": "daemon_response"}
{"kind": "daemon_request"}
{"kind": "daemon_response"}
{"kind": "daemon_request"}
{"kind": "daemon_response"}
{"kind": "daemon_request"}
{"kind": "daemon_response"}
{"kind": "action"}
{"kind": "command"}
{"kind": "command_result"}
{"kind": "command"}
{"kind": "command_result"}
{"kind": "command"}
{"kind": "command_result"}
{"kind": "action_done"}
{"kind": "daemon_request"}
{"kind": "daemon_response"}
{"kind": "daemon_request"}
{"kind": "daemon_response"}
{"kind": "daemon_request"}
{"kind": "daemon_response"}
{"kind": "daemon_request"}
{"kind": "daemon_response"}
{"kind": "daemon_request"}
{"kind": "daemon_response"}
{"kind": "daemon_request"}
{"kind": "daemon_response"}
{"kind": "daemon_request"}
{"kind": "daemon_response"}
{"kind": "daemon_request"}
{"kind": "daemon_response"}
{"kind": "daemon_request"}
{"kind": "daemon_response"}
{"kind": "daemon_request"}
{"kind": "daemon_response"}
{"kind": "daemon_request"}
{"kind": "daemon_response"}
{"kind": "daemon_request"}
{"kind": "daemon_response"}
{"kind": "daemon_request"}
{"kind": "daemon_response"}
{"kind": "daemon_request"}
{"kind": "daemon_response"}
{"kind": "daemon_request"}
{"kind": "daemon_response"}
{"kind": "daemon_request"}
{"kind": "daemon_response"}
{"kind": "daemon_request"}
{"kind": "daemon_response"}
{"kind": "daemon_request"}
{"kind": "daemon_response"}
{"kind": "daemon_request"}
{"kind": "daemon_response"}
{"kind": "daemon_request"}
{"kind": "daemon_response"}
{"kind": "daemon_request"}
{"kind": "daemon_response"}
{"kind": "daemon_request"}
{"kind": "daemon_response"}
{"kind": "daemon_request"}
{"kind": "daemon_response"}
{"kind": "daemon_request"}
{"kind": "daemon_response"}
{"kind": "daemon_request"}
{"kind": "daemon_response"}
{"kind": "daemon_request"}
{"kind": "daemon_response"}
{"kind": "daemon_request"}
{"kind": "daemon_response"}
{"kind": "daemon_request"}
{"kind": "daemon_response"}
{"kind": "daemon_request"}
{"kind": "daemon_response"}
{"kind": "daemon_request"}
{"kind": "daemon_response"}
{"kind": "daemon_request"}
{"kind": "daemon_response"}
{"kind": "daemon_request"}
{"kind": "daemon_response"}
{"kind": "daemon_request"}
{"kind": "daemon_response"}
{"kind": "daemon_request"}
{"kind": "daemon_response"}
{"kind": "daemon_request"}
{"kind": "daemon_response"}
{"kind": "daemon_request"}
{"kind": "daemon_response"}
{"kind": "daemon_request"}
{"kind": "daemon_response"}
{"kind": "daemon_request"}
{"kind": "daemon_response"}
{"kind": "daemon_request"}
{"kind": "daemon_response"}
{"kind": "daemon_request"}
{"kind": "daemon_response"}
{"kind": "daemon_request"}
{"kind": "daemon_response"}
{"kind": "daemon_request"}
{"kind": "daemon_response"}
{"kind": "daemon_request"}
{"kind": "daemon_response"}
{"kind": "daemon_request"}
{"kind": "daemon_response"}
{"kind": "daemon_request"}
{"kind": "daemon_response"}
{"kind": "daemon_request"}
{"kind": "daemon_response"}
{"kind": "daemon_request"}
{"kind": "daemon_response"}
{"kind": "daemon_request"}
{"kind": "daemon_response"}
{"kind": "daemon_request"}
{"kind": "daemon_response"}
{"kind": "daemon_request"}
{"kind": "daemon_response"}
{"kind": "daemon_request"}
{"kind": "daemon_response"}
{"kind": "daemon_request"}
{"kind": "daemon_response"}
{"kind": "daemon_request"}
{"kind": "daemon_response"}
{"kind": "daemon_request"}
{"kind": "daemon_response"}
{"kind": "daemon_request"}
{"kind": "daemon_response"}
{"kind": "daemon_request"}
{"kind": "daemon_response"}
{"kind": "daemon_request"}
{"kind": "daemon_response"}
{"kind": "daemon_request"}
{"kind": "daemon_response"}
{"kind": "daemon_request"}
{"kind": "daemon_response"}
{"kind": "daemon_request"}
{"kind": "daemon_response"}
{"kind": "daemon_request"}
{"kind": "daemon_response"}
{"kind": "daemon_request"}
{"kind": "daemon_response"}
{"kind": "daemon_request"}
{"kind": "daemon_response"}
{"kind": "daemon_request"}
{"kind": "daemon_response"}
{"kind": "daemon_request"}
{"kind": "daemon_response"}
{"kind": "daemon_request"}
{"kind": "daemon_response"}
{"kind": "daemon_request"}
{"kind": "daemon_response"}
{"kind": "daemon_request"}
{"kind": "daemon_response"}
{"kind": "daemon_request"}
{"kind": "daemon_response"}
{"kind": "daemon_request"}
{"kind": "daemon_response"}
{"kind": "daemon_request"}
{"kind": "daemon_response"}
{"kind": "daemon_request"}
{"kind": "daemon_response"}
{"kind": "daemon_request"}
{"kind": "daemon_response"}
{"kind": "action"}
{"kind": "action_done"}
{"kind": "action"}
{"kind": "command"}
{"kind": "command_result"}
{"kind": "mesh_result"}
{"kind": "action_done"}
{"kind": "daemon_request"}
{"kind": "daemon_response"}
{"kind": "daemon_request"}
{"kind": "daemon_response"}
{"kind": "daemon_request"}
{"kind": "daemon_response"}
{"kind": "daemon_request"}
{"kind": "daemon_response"}
{"kind": "daemon_request"}
{"kind": "daemon_response"}
{"kind": "daemon_request"}
{"kind": "daemon_response"}
{"kind": "daemon_request"}
{"kind": "daemon_response"}
{"kind": "daemon_request"}
{"kind": "daemon_response"}
{"kind": "daemon_request"}
{"kind": "daemon_response"}
{"kind": "daemon_request"}
{"kind": "daemon_response"}
{"kind": "daemon_request"}
{"kind": "daemon_response"}
{"kind": "daemon_request"}
{"kind": "daemon_response"}
{"kind": "daemon_request"}
{"kind": "daemon_response"}
{"kind": "daemon_request"}
{"kind": "daemon_response"}
{"kind": "daemon_request"}
{"kind": "daemon_response"}
{"kind": "daemon_request"}
{"kind": "daemon_response"}
{"kind": "daemon_request"}
{"kind": "daemon_response"}
{"kind": "daemon_request"}
{"kind": "daemon_response"}
{"kind": "daemon_request"}
{"kind": "daemon_response"}
{"kind": "daemon_request"}
{"kind": "daemon_response"}
{"kind": "daemon_request"}
{"kind": "daemon_response"}
{"kind": "daemon_request"}
{"kind": "daemon_response"}
{"kind": "daemon_request"}
{"kind": "daemon_response"}
{"kind": "daemon_request"}
{"kind": "daemon_response"}
{"kind": "daemon_request"}
{"kind": "daemon_response"}
{"kind": "daemon_request"}
{"kind": "daemon_response"}
{"kind": "daemon_request"}
{"kind": "daemon_response"}
{"kind": "daemon_request"}
{"kind": "daemon_response"}
{"kind": "daemon_request"}
{"kind": "daemon_response"}
{"kind": "daemon_request"}
{"kind": "daemon_response"}
{"kind": "daemon_request"}
{"kind": "daemon_response"}
{"kind": "daemon_request"}
{"kind": "daemon_response"}
{"kind": "daemon_request"}
{"kind": "daemon_response"}
{"kind": "daemon_request"}
{"kind": "daemon_response"}
{"kind": "daemon_request"}
{"kind": "daemon_response"}
{"kind": "daemon_request"}
{"kind": "daemon_response"}
{"kind": "daemon_request"}
{"kind": "daemon_response"}
{"kind": "daemon_request"}
{"kind": "daemon_response"}
{"kind": "daemon_request"}
{"kind": "daemon_response"}
{"kind": "daemon_request"}
{"kind": "daemon_response"}
{"kind": "action"}
{"kind": "command"}
{"kind": "command_result"}
{"kind": "command"}
{"kind": "command_result"}
{"kind": "command"}
{"kind": "command_result"}
{"kind": "action_done"}
{"kind": "daemon_request"}
{"kind": "daemon_response"}
{"kind": "daemon_request"}
{"kind": "daemon_response"}
{"kind": "daemon_request"}
{"kind": "daemon_response"}
{"kind": "daemon_request"}
{"kind": "daemon_response"}
{"kind": "daemon_request"}
{"kind": "daemon_response"}
{"kind": "daemon_request"}
{"kind": "daemon_response"}
{"kind": "daemon_request"}
{"kind": "daemon_response"}
{"kind": "daemon_request"}
{"kind": "daemon_response"}
{"kind": "daemon_request"}
{"kind": "daemon_response"}
{"kind": "daemon_request"}
{"kind": "daemon_response"}
{"kind": "daemon_request"}
{"kind": "daemon_response"}
{"kind": "daemon_request"}
{"kind": "daemon_response"}
{"kind": "daemon_request"}
{"kind": "daemon_response"}
{"kind": "daemon_request"}
{"kind": "daemon_response"}
{"kind": "daemon_request"}
{"kind": "daemon_response"}
{"kind": "daemon_request"}
{"kind": "daemon_response"}
{"kind": "daemon_request"}
{"kind": "daemon_response"}
{"kind": "daemon_request"}
{"kind": "daemon_response"}
{"kind": "daemon_request"}
{"kind": "daemon_response"}
{"kind": "daemon_request"}
{"kind": "daemon_response"}
{"kind": "daemon_request"}
{"kind": "daemon_response"}
{"kind": "daemon_request"}
{"kind": "daemon_response"}
{"kind": "daemon_request"}
{"kind": "daemon_response"}
{"kind": "daemon_request"}
{"kind": "daemon_response"}
{"kind": "daemon_request"}
{"kind": "daemon_response"}
{"kind": "daemon_request"}
{"kind": "daemon_response"}
{"kind": "daemon_request"}
{"kind": "daemon_response"}
{"kind": "daemon_request"}
{"kind": "daemon_response"}
{"kind": "daemon_request"}
{"kind": "daemon_response"}
{"kind": "daemon_request"}
{"kind": "daemon_response"}
{"kind": "daemon_request"}
{"kind": "daemon_response"}
{"kind": "daemon_request"}
{"kind": "daemon_response"}
{"kind": "daemon_request"}
{"kind": "daemon_response"}
{"kind": "daemon_request"}
{"kind": "daemon_response"}
{"kind": "daemon_request"}
{"kind": "daemon_response"}
{"kind": "daemon_request"}
{"kind": "daemon_response"}
{"kind": "daemon_request"}
{"kind": "daemon_response"}
{"kind": "daemon_request"}
{"kind": "daemon_response"}
{"kind": "daemon_request"}
{"kind": "daemon_response"}
{"kind": "daemon_request"}
{"kind": "daemon_response"}
{"kind": "action"}
{"kind": "stopped", "error": "Step 2 FAIL: accepted Mesh marker remains pending; scheduler says IO error: delivery: pending: activity absent. Production initialization publishes config adapter_mode=app_server but no state/delivery/adapter-seat.json; Mesh selected_mode defaults to tmux. No native input RPC, native_enqueued receipt, or marker exposure."}
Traceback (most recent call last):
  File "/home/mstie/projects/taurhaus-trial/docs/design/evidence/native-eligibility/integration/attempt5-controller.py", line 307, in <module>
    raise RuntimeError(action["reason"])
RuntimeError: Step 2 FAIL: accepted Mesh marker remains pending; scheduler says IO error: delivery: pending: activity absent. Production initialization publishes config adapter_mode=app_server but no state/delivery/adapter-seat.json; Mesh selected_mode defaults to tmux. No native input RPC, native_enqueued receipt, or marker exposure.
{"kind": "daemon_request"}
{"kind": "daemon_response"}
{"kind": "cleanup"}
{"kind": "descriptor_restored"}
